[2026-09-25 20:12:24] [ERROR] Error loading plugin youtube (/home/oem/BOT/cmds/downloads/youtube.js):
SyntaxError: Unexpected token '>'
    at compileSourceTextModule (node:internal/modules/esm/utils:346:16)
    at ModuleLoader.moduleStrategy (node:internal/modules/esm/translators:110:18)
    at #translate (node:internal/modules/esm/loader:559:20)
    at afterLoad (node:internal/modules/esm/loader:612:29)
    at ModuleLoader.loadAndTranslate (node:internal/modules/esm/loader:617:12)
    at #createModuleJob (node:internal/modules/esm/loader:640:36)
    at #getJobFromResolveResult (node:internal/modules/esm/loader:353:34)
    at ModuleLoader.getModuleJobForImport (node:internal/modules/esm/loader:321:41)
    at async onImport.tracePromise.__proto__ (node:internal/modules/esm/loader:680:25)
[2026-09-25 20:14:42] [ERROR] Error loading plugin youtube (/home/oem/BOT/cmds/downloads/youtube.js):
SyntaxError: Unexpected token '>'
    at compileSourceTextModule (node:internal/modules/esm/utils:346:16)
    at ModuleLoader.moduleStrategy (node:internal/modules/esm/translators:110:18)
    at #translate (node:internal/modules/esm/loader:559:20)
    at afterLoad (node:internal/modules/esm/loader:612:29)
    at ModuleLoader.loadAndTranslate (node:internal/modules/esm/loader:617:12)
    at #createModuleJob (node:internal/modules/esm/loader:640:36)
    at #getJobFromResolveResult (node:internal/modules/esm/loader:353:34)
    at ModuleLoader.getModuleJobForImport (node:internal/modules/esm/loader:321:41)
    at async onImport.tracePromise.__proto__ (node:internal/modules/esm/loader:680:25)
[2026-09-26 10:52:23] [ERROR] Demasiados reintentos (15). Reinicia el proceso manualmente.
